// Jest Snapshot v1, https://goo.gl/fbAQLP

exports[`GroupAnalyticBox popup matches snapshot 1`] = `
<div
  className="AnalyticsContainer"
>
  <div
    className="AnalyticBox"
  >
    <div
      className="row"
    >
      <div
        className="col-sm-4"
      >
        <div
          className="list-group"
          onKeyDown={[Function]}
          role="tablist"
        >
          <a
            aria-controls="Analytics-tabs-tabpane-#Groups"
            aria-selected={true}
            className="list-group-item active list-group-item-action"
            data-rr-ui-event-key="#Groups"
            href="#Groups"
            id="Analytics-tabs-tab-#Groups"
            onClick={[Function]}
            role="tab"
          >
            Groups
          </a>
          <a
            aria-controls="Analytics-tabs-tabpane-#Posts"
            className="list-group-item list-group-item-action"
            data-rr-ui-event-key="#Posts"
            href="#Posts"
            id="Analytics-tabs-tab-#Posts"
            onClick={[Function]}
            role="tab"
            tabIndex={-1}
          >
            Posts
          </a>
        </div>
      </div>
      <div
        className="col-sm-8"
      >
        <div
          className="tab-content"
        >
          <div
            aria-labelledby="Analytics-tabs-tab-#Groups"
            className="tab-pane active"
            id="Analytics-tabs-tabpane-#Groups"
          >
            <div
              className="list-group"
              onKeyDown={[Function]}
            >
              <div
                className="list-group-item"
                data-rr-ui-event-key={null}
                onClick={[Function]}
              >
                Members: 
                1
              </div>
            </div>
          </div>
          <div
            aria-labelledby="Analytics-tabs-tab-#Posts"
            className="tab-pane"
            id="Analytics-tabs-tabpane-#Posts"
          >
            <div
              className="list-group"
              onKeyDown={[Function]}
            >
              <div
                className="list-group-item"
                data-rr-ui-event-key={null}
                onClick={[Function]}
              >
                TotalPosts: 
                1
              </div>
              <div
                className="list-group-item"
                data-rr-ui-event-key={null}
                onClick={[Function]}
              >
                DeletedPost: 
                1
              </div>
              <div
                className="list-group-item"
                data-rr-ui-event-key={null}
                onClick={[Function]}
              >
                HiddenPost: 
                1
              </div>
              <div
                className="list-group-item"
                data-rr-ui-event-key={null}
                onClick={[Function]}
              >
                FlaggedPost: 
                1
              </div>
            </div>
          </div>
        </div>
      </div>
    </div>
  </div>
</div>
`;
