// Jest Snapshot v1, https://goo.gl/fbAQLP

exports[`Image box matches snapshot 1`] = `
<div>
  <form
    id="form1"
    runat="server"
  >
    <input
      id="imgInp"
      onChange={[Function]}
      type="file"
    />
    <div
      className="image-container"
    >
      <img
        alt=""
        height="300px"
        id="image"
        onClick={[Function]}
        onKeyPress={[Function]}
        role="none"
        src={null}
        style={
          Object {
            "object-fit": "cover",
          }
        }
        width="300px"
      />
    </div>
  </form>
</div>
`;
