// Jest Snapshot v1, https://goo.gl/fbAQLP

exports[`Exploregroup page matches snapshot 1`] = `
<div>
  <div>
    <nav
      className="menu navbar navbar-expand navbar-dark bg-dark"
    >
      <div
        className="container-fluid"
      >
        <a
          className="navbar-brand"
          href="#home"
        >
          <img
            alt="connexion"
            className="d-inline-block align-top"
            id="logo"
            src="../Connexion-logos_transparent.png"
          />
           
        </a>
        <div>
          <button
            aria-controls="navbarScroll"
            aria-label="Toggle navigation"
            className="navbar-toggler collapsed"
            onClick={[Function]}
            type="button"
          >
            <span
              className="navbar-toggler-icon"
            />
          </button>
          <div
            aria-expanded={null}
            className="navbar-collapse collapse"
            id="navbarScroll"
          >
            <div
              className="me-auto my-2 my-lg-0 navbar-nav navbar-nav-scroll"
              onKeyDown={[Function]}
              style={
                Object {
                  "maxHeight": "100px",
                }
              }
            >
              <button
                className="NavBar-buttons btn btn-primary"
                disabled={false}
                id="home"
                onClick={[Function]}
                type="button"
              >
                <svg
                  fill="currentColor"
                  height="1em"
                  viewBox="0 0 16 16"
                  width="1em"
                  xmlns="http://www.w3.org/2000/svg"
                >
                  <path
                    d="M6.5 14.5v-3.505c0-.245.25-.495.5-.495h2c.25 0 .5.25.5.5v3.5a.5.5 0 0 0 .5.5h4a.5.5 0 0 0 .5-.5v-7a.5.5 0 0 0-.146-.354L13 5.793V2.5a.5.5 0 0 0-.5-.5h-1a.5.5 0 0 0-.5.5v1.293L8.354 1.146a.5.5 0 0 0-.708 0l-6 6A.5.5 0 0 0 1.5 7.5v7a.5.5 0 0 0 .5.5h4a.5.5 0 0 0 .5-.5z"
                  />
                </svg>
              </button>
              <button
                className="NavBar-buttons btn btn-primary"
                disabled={false}
                id="createGroup"
                onClick={[Function]}
                type="button"
              >
                <svg
                  fill="currentColor"
                  height="1em"
                  viewBox="0 0 16 16"
                  width="1em"
                  xmlns="http://www.w3.org/2000/svg"
                >
                  <path
                    d="M0 13a1.5 1.5 0 0 0 1.5 1.5h13A1.5 1.5 0 0 0 16 13V6a1.5 1.5 0 0 0-1.5-1.5h-13A1.5 1.5 0 0 0 0 6v7zM2 3a.5.5 0 0 0 .5.5h11a.5.5 0 0 0 0-1h-11A.5.5 0 0 0 2 3zm2-2a.5.5 0 0 0 .5.5h7a.5.5 0 0 0 0-1h-7A.5.5 0 0 0 4 1z"
                  />
                </svg>
              </button>
              <button
                className="NavBar-buttons btn btn-primary"
                disabled={false}
                id="chat"
                onClick={[Function]}
                type="button"
              >
                <svg
                  fill="currentColor"
                  height="1em"
                  viewBox="0 0 16 16"
                  width="1em"
                  xmlns="http://www.w3.org/2000/svg"
                >
                  <path
                    d="M8 15c4.418 0 8-3.134 8-7s-3.582-7-8-7-8 3.134-8 7c0 1.76.743 3.37 1.97 4.6-.097 1.016-.417 2.13-.771 2.966-.079.186.074.394.273.362 2.256-.37 3.597-.938 4.18-1.234A9.06 9.06 0 0 0 8 15z"
                  />
                </svg>
              </button>
              <button
                className="NavBar-buttons btn btn-primary"
                disabled={false}
                id="profile"
                onClick={[Function]}
                type="button"
              >
                <svg
                  fill="currentColor"
                  height="1em"
                  viewBox="0 0 16 16"
                  width="1em"
                  xmlns="http://www.w3.org/2000/svg"
                >
                  <path
                    d="M3 14s-1 0-1-1 1-4 6-4 6 3 6 4-1 1-1 1H3zm5-6a3 3 0 1 0 0-6 3 3 0 0 0 0 6z"
                  />
                </svg>
              </button>
              <button
                className="NavBar-buttons btn btn-primary"
                disabled={false}
                id="logout"
                onClick={[Function]}
                type="button"
              >
                <svg
                  fill="currentColor"
                  height="1em"
                  viewBox="0 0 16 16"
                  width="1em"
                  xmlns="http://www.w3.org/2000/svg"
                >
                  <path
                    d="M6 3.5a.5.5 0 0 1 .5-.5h8a.5.5 0 0 1 .5.5v9a.5.5 0 0 1-.5.5h-8a.5.5 0 0 1-.5-.5v-2a.5.5 0 0 0-1 0v2A1.5 1.5 0 0 0 6.5 14h8a1.5 1.5 0 0 0 1.5-1.5v-9A1.5 1.5 0 0 0 14.5 2h-8A1.5 1.5 0 0 0 5 3.5v2a.5.5 0 0 0 1 0v-2z"
                    fillRule="evenodd"
                  />
                  <path
                    d="M11.854 8.354a.5.5 0 0 0 0-.708l-3-3a.5.5 0 1 0-.708.708L10.293 7.5H1.5a.5.5 0 0 0 0 1h8.793l-2.147 2.146a.5.5 0 0 0 .708.708l3-3z"
                    fillRule="evenodd"
                  />
                </svg>
              </button>
            </div>
          </div>
        </div>
      </div>
    </nav>
  </div>
  <div
    className="home"
  >
    <div
      className="groupSide d-flex"
    >
      <div
        className="exploregroup-header"
      >
        <input
          className="homepage-group-search"
          id="group-search"
          name="group-search"
          onChange={[Function]}
          placeholder="Search a group"
          value=""
        />
        <div
          className="dropdown"
        >
          <button
            aria-expanded={false}
            className="dropdown-toggle btn btn-secondary"
            disabled={false}
            onClick={[Function]}
            type="button"
          >
            Sort By
          </button>
        </div>
        <button
          className="btn btn-secondary"
          disabled={false}
          onClick={[Function]}
          style={
            Object {
              "background-color": "#C4C4C4",
              "border-color": "#C4C4C4",
            }
          }
          type="button"
        >
          Filter By
        </button>
        <div
          className="dropdown"
        >
          <button
            aria-expanded={false}
            className="dropdown-toggle btn btn-secondary"
            disabled={false}
            onClick={[Function]}
            type="button"
          >
            Suggested
          </button>
        </div>
        <button
          className="btn btn-primary btn-lg"
          disabled={false}
          id="btn-creategroup"
          onClick={[Function]}
          type="button"
        >
          Create Group
        </button>
      </div>
      <div
        className="mt-2 col-md-12"
      />
      <div>
        <h3
          style={
            Object {
              "margin-left": "1%",
            }
          }
        >
          Filtered Topics:
        </h3>
        <div
          style={
            Object {
              "margin-left": "1%",
            }
          }
        />
      </div>
      <div
        className="mt-2 col-md-12"
      />
      <div
        id="homepage-groups"
      />
    </div>
  </div>
</div>
`;
